// Jest Snapshot v1, https://goo.gl/fbAQLP

exports[`About Page matches the snapshot 1`] = `
<div>
  <section
    class="flex flex-col items-center justify-center px-4 sm:px-8 lg:px-16 py-12 bg-white text-gray-800"
  >
    <div
      class="max-w-4xl text-center"
    >
      <h2
        class="text-3xl sm:text-5xl font-bold mb-6"
      >
        Din destination för julshopping 🎄
      </h2>
      <p
        class="text-lg leading-relaxed"
      >
        På
         
        <span
          class="font-semibold text-rose-600"
        >
          Christmas Shopping
        </span>
         
        tror vi att julen är årets mest magiska tid – en säsong fylld av glädje, värme och givmildhet. Vårt mål är att göra din julshopping lika härlig som stressfri, med ett noggrant utvalt sortiment av gåvor, dekorationer och julens nödvändigheter.
      </p>
      <div
        class="mt-6"
      >
        <h3
          class="text-xl font-semibold text-rose-600 mb-4"
        >
          Varför välja oss? 🎁
        </h3>
        <ul
          class="list-disc list-inside space-y-4 text-left mx-auto sm:mx-12"
        >
          <li>
            <span
              class="font-semibold"
            >
              Handplockade gåvor:
            </span>
             Oavsett om du handlar till nära och kära, vänner eller kollegor erbjuder vi ett brett utbud av unika och meningsfulla presenter som passar alla smaker och plånböcker.
          </li>
          <li>
            <span
              class="font-semibold"
            >
              Juldekorationer:
            </span>
             Från glittrande ljus till eleganta julgranskulor – vi har allt du behöver för att förvandla ditt hem till ett vinterlandskap.
          </li>
          <li>
            <span
              class="font-semibold"
            >
              Smidig shopping:
            </span>
             Slipp julstressen! Vår användarvänliga onlinebutik och snabba leveranser gör att du kan fokusera på det som verkligen betyder något – att umgås med dina nära och kära.
          </li>
          <li>
            <span
              class="font-semibold"
            >
              Julstämning garanterad:
            </span>
             Vi brinner för att sprida julglädje och ser till att varje paket vi skickar är fyllt med en liten touch av magi.
          </li>
        </ul>
      </div>
      <p
        class="mt-6 text-lg leading-relaxed"
      >
        Hos
         
        <span
          class="font-semibold text-rose-600"
        >
          Christmas Shopping
        </span>
         
        är vi engagerade i kvalitet, service och julens anda. Varje produkt är noggrant utvald, och vi tänker på varje detalj. Vi vill att din julshopping ska vara lika glädjefylld som själva julafton.
      </p>
      <p
        class="mt-4 font-semibold text-rose-600"
      >
        Tack för att du låter oss vara en del av dina jultraditioner. 
        <br />
        God Jul och ett Gott Nytt År! 🎅✨
      </p>
    </div>
    <div
      class="mt-8"
    >
      <img
        alt="about"
        class="rounded-lg shadow-lg max-w-full h-auto"
        src="/images/about.png"
      />
    </div>
  </section>
</div>
`;
